../Core/Middlewares/Services/System/system.c:126:13:prvBUTTON_Callback	32	static,ignoring_inline_asm
../Core/Middlewares/Services/System/system.c:146:24:prvSYSTEM_SetRGBState	16	static
../Core/Middlewares/Services/System/system.c:159:24:prvSYSTEM_InitPWM	24	static
../Core/Middlewares/Services/System/system.c:201:24:prvSYSTEM_InitSystemButton	16	static
../Core/Middlewares/Services/System/system.c:221:24:prvSYSTEM_InitEPPPresentPin	16	static
../Core/Middlewares/Services/System/system.c:239:24:prvSYSTEM_InitLED1Pin	16	static
../Core/Middlewares/Services/System/system.c:258:13:prvSYSTEM_UpdateEPPPresentStatus	16	static
../Core/Middlewares/Services/System/system.c:286:13:prvSYSTEM_ChargerStatusCallback	16	static
../Core/Middlewares/Services/System/system.c:319:13:prvSYSTEM_Task	24	static
../Core/Middlewares/Services/System/system.c:510:17:SYSTEM_Init	16	static
../Core/Middlewares/Services/System/system.c:538:17:SYSTEM_Start	8	static
../Core/Middlewares/Services/System/system.c:552:17:SYSTEM_SetDeviceName	16	static
../Core/Middlewares/Services/System/system.c:571:17:SYSTEM_GetDeviceName	16	static
../Core/Middlewares/Services/System/system.c:582:17:SYSTEM_ReportError	16	static
../Core/Middlewares/Services/System/system.c:602:17:SYSTEM_SetOpState	16	static
../Core/Middlewares/Services/System/system.c:615:17:SYSTEM_SetRGB	16	static
