../Core/Src/main.c:88:5:main	8	static
../Core/Src/main.c:191:6:SystemClock_Config	96	static
../Core/Src/main.c:251:6:PeriphCommonClock_Config	144	static
../Core/Src/main.c:278:13:MX_ADC1_Init	48	static
../Core/Src/main.c:345:13:MX_I2C3_Init	8	static
../Core/Src/main.c:393:13:MX_TIM2_Init	48	static
../Core/Src/main.c:454:13:MX_UART4_Init	8	static
../Core/Src/main.c:489:13:MX_GPIO_Init	48	static
../Core/Src/main.c:542:6:StartDefaultTask	16	static
../Core/Src/main.c:559:6:Error_Handler	4	static,ignoring_inline_asm
