../Core/Drivers/Platform/GPIO/drv_gpio.c:44:7:HAL_GPIO_EXTI_Callback	24	static
../Core/Drivers/Platform/GPIO/drv_gpio.c:75:17:prvDRV_GPIO_Pin_GetModeCode	16	static
../Core/Drivers/Platform/GPIO/drv_gpio.c:107:19:DRV_GPIO_Init	8	static
../Core/Drivers/Platform/GPIO/drv_gpio.c:115:19:DRV_GPIO_Port_Init	56	static
../Core/Drivers/Platform/GPIO/drv_gpio.c:177:19:DRV_GPIO_Pin_Init	40	static
../Core/Drivers/Platform/GPIO/drv_gpio.c:195:21:DRV_GPIO_Pin_DeInit	40	static
../Core/Drivers/Platform/GPIO/drv_gpio.c:210:19:DRV_GPIO_Pin_SetState	16	static
../Core/Drivers/Platform/GPIO/drv_gpio.c:223:21:DRV_GPIO_Pin_SetStateFromISR	16	static
../Core/Drivers/Platform/GPIO/drv_gpio.c:235:23:DRV_GPIO_Pin_ReadState	24	static
../Core/Drivers/Platform/GPIO/drv_gpio.c:250:19:DRV_GPIO_Pin_ToggleFromISR	24	static
../Core/Drivers/Platform/GPIO/drv_gpio.c:266:19:DRV_GPIO_Pin_EnableInt	48	static
../Core/Drivers/Platform/GPIO/drv_gpio.c:326:19:DRV_GPIO_RegisterCallback	32	static
../Core/Drivers/Platform/GPIO/drv_gpio.c:345:6:DRV_GPIO_ClearInterruptFlag	16	static
