../Core/Drivers/Platform/GPIO/drv_gpio.c:44:7:HAL_GPIO_EXTI_Callback	24	static
../Core/Drivers/Platform/GPIO/drv_gpio.c:72:17:prvDRV_GPIO_Pin_GetModeCode	16	static
../Core/Drivers/Platform/GPIO/drv_gpio.c:104:19:DRV_GPIO_Init	8	static
../Core/Drivers/Platform/GPIO/drv_gpio.c:112:19:DRV_GPIO_Port_Init	56	static
../Core/Drivers/Platform/GPIO/drv_gpio.c:174:19:DRV_GPIO_Pin_Init	40	static
../Core/Drivers/Platform/GPIO/drv_gpio.c:192:21:DRV_GPIO_Pin_DeInit	40	static
../Core/Drivers/Platform/GPIO/drv_gpio.c:207:19:DRV_GPIO_Pin_SetState	16	static
../Core/Drivers/Platform/GPIO/drv_gpio.c:220:21:DRV_GPIO_Pin_SetStateFromISR	16	static
../Core/Drivers/Platform/GPIO/drv_gpio.c:232:23:DRV_GPIO_Pin_ReadState	24	static
../Core/Drivers/Platform/GPIO/drv_gpio.c:247:19:DRV_GPIO_Pin_ToggleFromISR	24	static
../Core/Drivers/Platform/GPIO/drv_gpio.c:263:19:DRV_GPIO_Pin_EnableInt	48	static
../Core/Drivers/Platform/GPIO/drv_gpio.c:323:19:DRV_GPIO_RegisterCallback	32	static
../Core/Drivers/Platform/GPIO/drv_gpio.c:342:6:DRV_GPIO_ClearInterruptFlag	16	static
