../Core/Middlewares/Services/System/system.c:94:13:prvBUTTON_Callback	16	static
../Core/Middlewares/Services/System/system.c:112:13:prvSYSTEM_Task	24	static
../Core/Middlewares/Services/System/system.c:196:17:SYSTEM_Init	16	static
../Core/Middlewares/Services/System/system.c:224:17:SYSTEM_Start	8	static
../Core/Middlewares/Services/System/system.c:242:17:SYSTEM_ReportError	16	static
../Core/Middlewares/Services/System/system.c:256:17:SYSTEM_SetDeviceName	16	static
../Core/Middlewares/Services/System/system.c:275:17:SYSTEM_GetDeviceName	16	static
