../Core/Drivers/Platform/I2C/drv_i2c.c:67:26:prvDRV_I2C_GetHandle	16	static
../Core/Drivers/Platform/I2C/drv_i2c.c:77:17:prvDRV_I2C_GetTiming	16	static
../Core/Drivers/Platform/I2C/drv_i2c.c:96:6:HAL_I2C_MspInit	200	static
../Core/Drivers/Platform/I2C/drv_i2c.c:184:6:HAL_I2C_MspDeInit	16	static
../Core/Drivers/Platform/I2C/drv_i2c.c:236:19:DRV_I2C_Init	8	static
../Core/Drivers/Platform/I2C/drv_i2c.c:241:18:DRV_I2C_Instance_Init	24	static
../Core/Drivers/Platform/I2C/drv_i2c.c:279:18:DRV_I2C_Transmit	40	static
../Core/Drivers/Platform/I2C/drv_i2c.c:290:18:DRV_I2C_Receive	40	static
