../Core/Middlewares/Services/Configuration/configuration.c:76:31:prvCONFIGURATION_GetParam	24	static
../Core/Middlewares/Services/Configuration/configuration.c:94:13:prvCONFIGURATION_SerializeToString	64	static
../Core/Middlewares/Services/Configuration/configuration.c:142:13:prvCONFIGURATION_InitParams	24	static
../Core/Middlewares/Services/Configuration/configuration.c:156:13:prvCONFIGURATION_ReportDefaultParams	24	static
../Core/Middlewares/Services/Configuration/configuration.c:178:13:prvCONFIGURATION_UpdateSystemParamFromBD	72	static
../Core/Middlewares/Services/Configuration/configuration.c:303:13:prvCONFIGURATION_Task	32	static
../Core/Middlewares/Services/Configuration/configuration.c:412:24:CONFIGURATION_Init	24	static
../Core/Middlewares/Services/Configuration/configuration.c:445:24:CONFIGURATION_UpdateFromFS	16	static
../Core/Middlewares/Services/Configuration/configuration.c:452:24:CONFIGURATION_GetParameter	32	static
../Core/Middlewares/Services/Configuration/configuration.c:473:24:CONFIGURATION_GetParameter_Int	32	static
../Core/Middlewares/Services/Configuration/configuration.c:493:24:CONFIGURATION_GetParameter_Float	40	static
../Core/Middlewares/Services/Configuration/configuration.c:522:24:CONFIGURATION_GetParameter_String	32	static
../Core/Middlewares/Services/Configuration/configuration.c:538:24:CONFIGURATION_UpdateParamValue	24	static
../Core/Middlewares/Services/Configuration/configuration.c:556:24:CONFIGURATION_SetParameter_String	24	static
../Core/Middlewares/Services/Configuration/configuration.c:562:24:CONFIGURATION_SetParameter_Int	64	static
../Core/Middlewares/Services/Configuration/configuration.c:573:24:CONFIGURATION_SetParameter_Float	72	static
../Core/Middlewares/Services/Configuration/configuration.c:584:24:CONFIGURATION_StoreToFS	16	static
../Core/Middlewares/Services/Configuration/configuration.c:590:24:CONFIGURATION_UpdateFromBD	16	static
