../Core/Middlewares/Services/Charger/charger.c:135:13:prvCHARGER_CB	24	static,ignoring_inline_asm
../Core/Middlewares/Services/Charger/charger.c:162:13:prvCHARGER_TaskFunc	40	static
../Core/Middlewares/Services/Charger/charger.c:429:19:CHARGER_Init	24	static
../Core/Middlewares/Services/Charger/charger.c:462:18:CHARGER_SetChargingState	16	static
../Core/Middlewares/Services/Charger/charger.c:480:18:CHARGER_GetChargingState	16	static
../Core/Middlewares/Services/Charger/charger.c:492:18:CHARGER_SetChargingCurrent	16	static
../Core/Middlewares/Services/Charger/charger.c:508:18:CHARGER_GetChargingCurrent	16	static
../Core/Middlewares/Services/Charger/charger.c:520:18:CHARGER_SetChargingTermCurrent	16	static
../Core/Middlewares/Services/Charger/charger.c:536:18:CHARGER_GetChargingTermCurrent	16	static
../Core/Middlewares/Services/Charger/charger.c:547:18:CHARGER_SetChargingTermVoltage	16	static
../Core/Middlewares/Services/Charger/charger.c:565:18:CHARGER_GetChargingTermVoltage	16	static
../Core/Middlewares/Services/Charger/charger.c:577:18:CHARGER_GetRegContent	24	static
../Core/Middlewares/Services/Charger/charger.c:598:18:CHARGER_GetSerial	24	static
../Core/Middlewares/Services/Charger/charger.c:612:18:CHARGER_GetFwVersion	24	static
../Core/Middlewares/Services/Charger/charger.c:626:18:CHARGER_SetChargingMaxCurrent	16	static
../Core/Middlewares/Services/Charger/charger.c:641:18:CHARGER_GetChargingMaxCurrent	16	static
../Core/Middlewares/Services/Charger/charger.c:654:18:CHARGER_RegisterStatusCallback	16	static
