../Core/Middlewares/Services/Charger/charger.c:128:13:prvCHARGER_CB	24	static,ignoring_inline_asm
../Core/Middlewares/Services/Charger/charger.c:157:13:prvCHARGER_TaskFunc	32	static
../Core/Middlewares/Services/Charger/charger.c:342:19:CHARGER_Init	24	static
../Core/Middlewares/Services/Charger/charger.c:374:18:CHARGER_SetChargingState	16	static
../Core/Middlewares/Services/Charger/charger.c:392:18:CHARGER_GetChargingState	16	static
../Core/Middlewares/Services/Charger/charger.c:403:18:CHARGER_SetChargingCurrent	16	static
../Core/Middlewares/Services/Charger/charger.c:421:18:CHARGER_GetChargingCurrent	16	static
../Core/Middlewares/Services/Charger/charger.c:432:18:CHARGER_SetChargingTermCurrent	16	static
../Core/Middlewares/Services/Charger/charger.c:449:18:CHARGER_GetChargingTermCurrent	16	static
../Core/Middlewares/Services/Charger/charger.c:459:18:CHARGER_SetChargingTermVoltage	16	static
../Core/Middlewares/Services/Charger/charger.c:476:18:CHARGER_GetChargingTermVoltage	16	static
../Core/Middlewares/Services/Charger/charger.c:487:18:CHARGER_GetRegContent	24	static
