../Core/Middlewares/Services/Charger/charger.c:128:13:prvCHARGER_CB	24	static,ignoring_inline_asm
../Core/Middlewares/Services/Charger/charger.c:157:13:prvCHARGER_TaskFunc	32	static
../Core/Middlewares/Services/Charger/charger.c:377:19:CHARGER_Init	24	static
../Core/Middlewares/Services/Charger/charger.c:409:18:CHARGER_SetChargingState	16	static
../Core/Middlewares/Services/Charger/charger.c:427:18:CHARGER_GetChargingState	16	static
../Core/Middlewares/Services/Charger/charger.c:438:18:CHARGER_SetChargingCurrent	16	static
../Core/Middlewares/Services/Charger/charger.c:456:18:CHARGER_GetChargingCurrent	16	static
../Core/Middlewares/Services/Charger/charger.c:467:18:CHARGER_SetChargingTermCurrent	16	static
../Core/Middlewares/Services/Charger/charger.c:484:18:CHARGER_GetChargingTermCurrent	16	static
../Core/Middlewares/Services/Charger/charger.c:494:18:CHARGER_SetChargingTermVoltage	16	static
../Core/Middlewares/Services/Charger/charger.c:511:18:CHARGER_GetChargingTermVoltage	16	static
../Core/Middlewares/Services/Charger/charger.c:522:18:CHARGER_GetRegContent	24	static
