../Core/Drivers/Platform/AnalogIN/drv_ain.c:68:6:ADC3_IRQHandler	8	static
../Core/Drivers/Platform/AnalogIN/drv_ain.c:74:6:TIM1_UP_IRQHandler	8	static
../Core/Drivers/Platform/AnalogIN/drv_ain.c:79:6:TIM2_IRQHandler	8	static
../Core/Drivers/Platform/AnalogIN/drv_ain.c:85:6:TIM1_CC_IRQHandler	8	static
../Core/Drivers/Platform/AnalogIN/drv_ain.c:90:6:DMA1_Stream0_IRQHandler	8	static
../Core/Drivers/Platform/AnalogIN/drv_ain.c:112:6:HAL_ADC_MspInit	184	static
../Core/Drivers/Platform/AnalogIN/drv_ain.c:174:6:HAL_ADC_MspDeInit	16	static
../Core/Drivers/Platform/AnalogIN/drv_ain.c:243:19:prvDRV_AIN_DMAHalfComplitedCallback	16	static
../Core/Drivers/Platform/AnalogIN/drv_ain.c:298:26:prvDRV_AIN_InitDeviceTimer	4	static
../Core/Drivers/Platform/AnalogIN/drv_ain.c:330:26:prvDRV_AIN_InitDeviceADC	8	static
../Core/Drivers/Platform/AnalogIN/drv_ain.c:372:22:DRV_AIN_Init	16	static
../Core/Drivers/Platform/AnalogIN/drv_ain.c:413:22:DRV_AIN_Start	16	static
../Core/Drivers/Platform/AnalogIN/drv_ain.c:434:21:DRV_AIN_SetSamplesNo	16	static
../Core/Drivers/Platform/AnalogIN/drv_ain.c:441:21:DRV_AIN_GetADCValue	48	static
../Core/Drivers/Platform/AnalogIN/drv_ain.c:484:22:DRV_AIN_Stop	16	static
../Core/Drivers/Platform/AnalogIN/drv_ain.c:495:35:DRV_AIN_GetAcquisitonStatus	16	static
../Core/Drivers/Platform/AnalogIN/drv_ain.c:499:22:DRV_AIN_SetResolution	16	static
../Core/Drivers/Platform/AnalogIN/drv_ain.c:527:22:DRV_AIN_SetClockDiv	16	static
../Core/Drivers/Platform/AnalogIN/drv_ain.c:575:22:DRV_AIN_SetChannelsSamplingTime	16	static
../Core/Drivers/Platform/AnalogIN/drv_ain.c:620:22:DRV_AIN_SetChannelOffset	24	static
../Core/Drivers/Platform/AnalogIN/drv_ain.c:628:22:DRV_AIN_SetChannelAvgRatio	16	static
../Core/Drivers/Platform/AnalogIN/drv_ain.c:707:22:DRV_AIN_SetSamplingPeriod	24	static
../Core/Drivers/Platform/AnalogIN/drv_ain.c:717:29:DRV_AIN_GetResolution	16	static
../Core/Drivers/Platform/AnalogIN/drv_ain.c:721:30:DRV_AIN_GetSamplingTime	16	static
../Core/Drivers/Platform/AnalogIN/drv_ain.c:725:22:DRV_AIN_GetADCClk	16	static
../Core/Drivers/Platform/AnalogIN/drv_ain.c:730:22:DRV_AIN_Stream_RegisterCallback	16	static
../Core/Drivers/Platform/AnalogIN/drv_ain.c:735:22:DRV_AIN_Stream_SubmitAddr	16	static
../Core/Drivers/Platform/AnalogIN/drv_ain.c:743:22:DRV_AIN_Stream_SetCapture	16	static
